// Jest Snapshot v1, https://goo.gl/fbAQLP

exports[`enum generation 1`] = `
"export enum NotificationType {
    newPosts,
    newComments,
    newFollowers,
    reply,
    heartOnPost,
    heartOnComment,
    heartOnReply
}
export enum Language {
    Typescript,
    Javascript,
    Rust,
    Go,
    Python,
    Cpp
}
export enum State {
    Active,
    Pending,
    Banned
}"
`;
